============================= test session starts ==============================
platform darwin -- Python 3.12.13, pytest-8.4.2, pluggy-1.6.0 -- /Users/user/Developer/GitHub/rig-relay/.venv/bin/python
cachedir: .pytest_cache
rootdir: /Users/user/Developer/GitHub/rig-relay
configfile: pyproject.toml
plugins: textual-snapshot-1.1.0, xdist-3.8.0, timeout-2.4.0, asyncio-1.3.0, syrupy-4.8.0, respx-0.23.1, anyio-4.13.0
timeout: 10.0s
timeout method: signal
timeout func_only: False
asyncio: mode=Mode.STRICT, debug=False, asyncio_default_fixture_loop_scope=None, asyncio_default_test_loop_scope=function
collecting ... collected 10 items

tests/telemetry/test_receipts.py::test_receipt_builder_stable_and_contiguous PASSED [ 10%]
tests/telemetry/test_receipts.py::test_receipt_validation_passes PASSED  [ 20%]
tests/telemetry/test_receipts.py::test_missing_receipts_warns_for_legacy PASSED [ 30%]
tests/telemetry/test_receipts.py::test_broken_receipt_chain_fails PASSED [ 40%]
tests/telemetry/test_receipts.py::test_receipt_hash_verification_failure PASSED [ 50%]
tests/telemetry/test_receipts.py::test_receipt_event_name_mismatch PASSED [ 60%]
tests/telemetry/test_receipts.py::test_missing_receipt_for_file_producing_event PASSED [ 70%]
tests/telemetry/test_receipts.py::test_validation_is_read_only PASSED    [ 80%]
tests/telemetry/test_receipts.py::test_doctor_receipt_output FAILED      [ 90%]
tests/telemetry/test_receipts.py::test_doctor_json_receipt_fields PASSED [100%]

=================================== FAILURES ===================================
__________________________ test_doctor_receipt_output __________________________

session_setup = (PosixPath('/private/var/folders/72/cyz7gwcd5jsg_71j09s7pnmm0000gn/T/pytest-of-user/pytest-516/test_doctor_receipt_output0/repo'), 'session-1', PosixPath('/private/var/folders/72/cyz7gwcd5jsg_71j09s7pnmm0000gn/T/pytest-of-user/pytest-516/test_doctor_receipt_output0/repo/.rig/relay/sessions/session-1'))
monkeypatch = <_pytest.monkeypatch.MonkeyPatch object at 0x110e651c0>
capsys = <_pytest.capture.CaptureFixture object at 0x110e648c0>

    def test_doctor_receipt_output(session_setup, monkeypatch, capsys):
        repo_root, session_id, session_root = session_setup
        write_session_manifest(session_root, session_id)
        write_session_receipts(session_root, session_id)
    
        from vibe.core.telemetry.doctor import run_evidence_validation
    
        run_evidence_validation(repo_root / ".rig" / "relay", session_id)
        captured = capsys.readouterr()
        assert "receipts: 2" in captured.out
        assert "receipt chain status: valid" in captured.out
>       assert "final receipt hash: sha256:" in captured.out
E       AssertionError: assert 'final receipt hash: sha256:' in 'status: pass\nevidence root: \n/private/var/folders/72/cyz7gwcd5jsg_71j09s7pnmm0000gn/T/pytest-of-user/pytest-5\n16/test_doctor_receipt_output0/repo/.rig/relay\nsession id: session-1\nroot mode: repo_local\nroot source: RIG_RELAY_HOME\npassed checks: 3\nevents: 4\nreferenced files: 2\nunreferenced evidence files: 0\nmalformed events: 0\nreceipts: 2\nreceipt chain status: valid\nfinal receipt hash: \nsha256:7c82d90f457461a4946b748f2ed948cae0cefcd62ed95630df8d93456348ebb8\n'
E        +  where 'status: pass\nevidence root: \n/private/var/folders/72/cyz7gwcd5jsg_71j09s7pnmm0000gn/T/pytest-of-user/pytest-5\n16/test_doctor_receipt_output0/repo/.rig/relay\nsession id: session-1\nroot mode: repo_local\nroot source: RIG_RELAY_HOME\npassed checks: 3\nevents: 4\nreferenced files: 2\nunreferenced evidence files: 0\nmalformed events: 0\nreceipts: 2\nreceipt chain status: valid\nfinal receipt hash: \nsha256:7c82d90f457461a4946b748f2ed948cae0cefcd62ed95630df8d93456348ebb8\n' = CaptureResult(out='status: pass\nevidence root: \n/private/var/folders/72/cyz7gwcd5jsg_71j09s7pnmm0000gn/T/pytest-of-user/pytest-5\n16/test_doctor_receipt_output0/repo/.rig/relay\nsession id: session-1\nroot mode: repo_local\nroot source: RIG_RELAY_HOME\npassed checks: 3\nevents: 4\nreferenced files: 2\nunreferenced evidence files: 0\nmalformed events: 0\nreceipts: 2\nreceipt chain status: valid\nfinal receipt hash: \nsha256:7c82d90f457461a4946b748f2ed948cae0cefcd62ed95630df8d93456348ebb8\n', err='').out

/Users/user/Developer/GitHub/rig-relay/tests/telemetry/test_receipts.py:283: AssertionError
============================= slowest 10 durations =============================
0.01s call     tests/telemetry/test_receipts.py::test_doctor_receipt_output
0.01s setup    tests/telemetry/test_receipts.py::test_receipt_builder_stable_and_contiguous
0.01s call     tests/telemetry/test_receipts.py::test_receipt_validation_passes
0.01s call     tests/telemetry/test_receipts.py::test_missing_receipt_for_file_producing_event
0.01s call     tests/telemetry/test_receipts.py::test_receipt_hash_verification_failure
0.01s setup    tests/telemetry/test_receipts.py::test_doctor_json_receipt_fields
0.01s call     tests/telemetry/test_receipts.py::test_doctor_json_receipt_fields
0.01s call     tests/telemetry/test_receipts.py::test_broken_receipt_chain_fails
0.00s setup    tests/telemetry/test_receipts.py::test_validation_is_read_only
0.00s setup    tests/telemetry/test_receipts.py::test_missing_receipts_warns_for_legacy
=========================== short test summary info ============================
FAILED tests/telemetry/test_receipts.py::test_doctor_receipt_output - AssertionError: assert 'final receipt hash: sha256:' in 'status: pass\nevidence root: \n/private/var/folders/72/cyz7gwcd5jsg_71j09s7pnmm0000gn/T/pytest-of-user/pytest-5\n16/test_doctor_receipt_output0/repo/.rig/relay\nsession id: session-1\nroot mode: repo_local\nroot source: RIG_RELAY_HOME\npassed checks: 3\nevents: 4\nreferenced files: 2\nunreferenced evidence files: 0\nmalformed events: 0\nreceipts: 2\nreceipt chain status: valid\nfinal receipt hash: \nsha256:7c82d90f457461a4946b748f2ed948cae0cefcd62ed95630df8d93456348ebb8\n'
 +  where 'status: pass\nevidence root: \n/private/var/folders/72/cyz7gwcd5jsg_71j09s7pnmm0000gn/T/pytest-of-user/pytest-5\n16/test_doctor_receipt_output0/repo/.rig/relay\nsession id: session-1\nroot mode: repo_local\nroot source: RIG_RELAY_HOME\npassed checks: 3\nevents: 4\nreferenced files: 2\nunreferenced evidence files: 0\nmalformed events: 0\nreceipts: 2\nreceipt chain status: valid\nfinal receipt hash: \nsha256:7c82d90f457461a4946b748f2ed948cae0cefcd62ed95630df8d93456348ebb8\n' = CaptureResult(out='status: pass\nevidence root: \n/private/var/folders/72/cyz7gwcd5jsg_71j09s7pnmm0000gn/T/pytest-of-user/pytest-5\n16/test_doctor_receipt_output0/repo/.rig/relay\nsession id: session-1\nroot mode: repo_local\nroot source: RIG_RELAY_HOME\npassed checks: 3\nevents: 4\nreferenced files: 2\nunreferenced evidence files: 0\nmalformed events: 0\nreceipts: 2\nreceipt chain status: valid\nfinal receipt hash: \nsha256:7c82d90f457461a4946b748f2ed948cae0cefcd62ed95630df8d93456348ebb8\n', err='').out
========================= 1 failed, 9 passed in 0.25s ==========================
